ssh -i /home/user/.ssh/id_rsa user@example.com bash -c "whoami"