ssh -o PasswordAuthentication=no user@example.com bash